Loading configuration...
Applying overrides: {'data.K': 5, 'data.distractor_strategy': 'category_random'}

Loading questions...
Loading from CSV: questions.csv
Loaded 20407 questions from CSV

Building answer profiles...
Built 2370 answer profiles

Constructing MC questions...
Generated 14804 MC questions
Note: 5603 questions filtered by guards

Creating stratified splits...
Dataset split complete:
  Train: 10341 questions (69.9%)
  Val:   2205 questions (14.9%)
  Test:  2258 questions (15.3%)

Category distribution (45 categories):
  Fine_Arts: 1245/266/268 (orig: 1779)
  Fine_Arts:Audiovisual: 22/4/6 (orig: 32)
  Fine_Arts:Auditory: 1/1/0 (orig: 2)
  Fine_Arts:Music: 57/12/13 (orig: 82)
  Fine_Arts:Other: 7/1/2 (orig: 10)
  ... and 40 more categories

Saving datasets...
Saved 14804 items to artifacts/k5/mc_dataset.json
Saved 10341 items to artifacts/k5/train_dataset.json
Saved 2205 items to artifacts/k5/val_dataset.json
Saved 2258 items to artifacts/k5/test_dataset.json
Saved answer profiles to artifacts/k5/answer_profiles.json

============================================================
Dataset Construction Complete
============================================================

Total MC questions: 14804
  Train: 10341 (69.9%)
  Val:   2205 (14.9%)
  Test:  2258 (15.3%)

Categories: 45
Sample categories: Fine_Arts, Fine_Arts:Audiovisual, Fine_Arts:Auditory, Fine_Arts:Music, Fine_Arts:Other

Answer profiles: 2370
Average questions per answer: 8.6

Sample MC question:
  Question: The 1879 establishment of state-run, secular schools in this country started the School War, which l...
  Correct answer: Belgium
  Options: Kiev, Pius, Belgium...
  Category: History:Europe

Total time: 10.7 seconds

Dataset construction complete!
