Loading configuration...
Applying overrides: {'data.K': 3, 'data.distractor_strategy': 'category_random'}

Loading questions...
Loading from CSV: questions.csv
Loaded 20407 questions from CSV

Building answer profiles...
Built 2370 answer profiles

Constructing MC questions...
Generated 17625 MC questions
Note: 2782 questions filtered by guards

Creating stratified splits...
Dataset split complete:
  Train: 12319 questions (69.9%)
  Val:   2624 questions (14.9%)
  Test:  2682 questions (15.2%)

Category distribution (46 categories):
  Fine_Arts: 1475/316/317 (orig: 2108)
  Fine_Arts:Audiovisual: 30/6/7 (orig: 43)
  Fine_Arts:Auditory: 2/0/1 (orig: 3)
  Fine_Arts:Music: 72/15/17 (orig: 104)
  Fine_Arts:Norse: 1/0/0 (orig: 1)
  ... and 41 more categories

Saving datasets...
Saved 17625 items to artifacts/k3/mc_dataset.json
Saved 12319 items to artifacts/k3/train_dataset.json
Saved 2624 items to artifacts/k3/val_dataset.json
Saved 2682 items to artifacts/k3/test_dataset.json
Saved answer profiles to artifacts/k3/answer_profiles.json

============================================================
Dataset Construction Complete
============================================================

Total MC questions: 17625
  Train: 12319 (69.9%)
  Val:   2624 (14.9%)
  Test:  2682 (15.2%)

Categories: 46
Sample categories: Fine_Arts, Fine_Arts:Audiovisual, Fine_Arts:Auditory, Fine_Arts:Music, Fine_Arts:Norse

Answer profiles: 2370
Average questions per answer: 8.6

Sample MC question:
  Question: This event resulted in the creation of the Special Corps of the Gendarmes and the infamous Third Sec...
  Correct answer: Decembrist revolt
  Options: Huldrych Zwingli, Decembrist revolt, Specie Circular...
  Category: History

Total time: 8.9 seconds

Dataset construction complete!
